============================= test session starts =============================
platform win32 -- Python 3.12.8, pytest-9.0.2, pluggy-1.6.0 -- C:\Users\Andrewq\AppData\Local\Programs\Python\Python312\python.exe
cachedir: .pytest_cache
rootdir: C:\Users\Andrewq\Downloads\DevSquad-AI\backend
plugins: anyio-4.12.0, asyncio-1.3.0
asyncio: mode=Mode.STRICT, debug=False, asyncio_default_fixture_loop_scope=None, asyncio_default_test_loop_scope=function
collecting ... collected 20 items

tests/test_benchmarks.py::TestScoringEngine::test_record_score_basic FAILED [  5%]
tests/test_benchmarks.py::TestScoringEngine::test_weighted_scoring FAILED [ 10%]
tests/test_benchmarks.py::TestScoringEngine::test_behavior_match_rate FAILED [ 15%]
tests/test_benchmarks.py::TestScoringEngine::test_persistence FAILED     [ 20%]
tests/test_benchmarks.py::TestScoringEngine::test_get_trend_insufficient_data FAILED [ 25%]
tests/test_benchmarks.py::TestScoringEngine::test_get_trend_improving FAILED [ 30%]
tests/test_benchmarks.py::TestScoringEngine::test_get_trend_degrading FAILED [ 35%]
tests/test_benchmarks.py::TestScoringEngine::test_compare_runs FAILED    [ 40%]
tests/test_benchmarks.py::TestScoringEngine::test_compare_nonexistent_run FAILED [ 45%]
tests/test_benchmarks.py::TestScoringEngine::test_get_agent_summary FAILED [ 50%]
tests/test_benchmarks.py::TestScoringEngine::test_get_chart_data FAILED  [ 55%]
tests/test_benchmarks.py::TestBenchmarkService::test_list_suites FAILED  [ 60%]
tests/test_benchmarks.py::TestBenchmarkService::test_get_all_benchmarks PASSED [ 65%]
tests/test_benchmarks.py::TestBenchmarkService::test_get_status_no_run PASSED [ 70%]
tests/test_benchmarks.py::TestBenchmarkService::test_get_results_empty FAILED [ 75%]
tests/test_benchmarks.py::TestBenchmarkService::test_compare_no_data PASSED [ 80%]
tests/test_benchmarks.py::TestBenchmarkAPI::test_suites_endpoint PASSED  [ 85%]
tests/test_benchmarks.py::TestBenchmarkAPI::test_status_endpoint PASSED  [ 90%]
tests/test_benchmarks.py::TestBenchmarkAPI::test_results_endpoint FAILED [ 95%]
tests/test_benchmarks.py::TestBenchmarkAPI::test_compare_endpoint_missing_params PASSED [100%]

================================== FAILURES ===================================
__________________ TestScoringEngine.test_record_score_basic __________________

self = <test_benchmarks.TestScoringEngine object at 0x000002B5BCB034D0>
scoring_engine = <services.scoring_engine.ScoringEngine object at 0x000002B5BF92B860>

    def test_record_score_basic(self, scoring_engine):
        """Test recording a basic benchmark score"""
>       result = scoring_engine.record_score(
            run_id="test-run-001",
            benchmark_id="py_001",
            category="code_gen",
            difficulty="easy",
            weight=1.0,
            agent_scores={"Junior Dev": 80, "Senior Dev": 90},
            expected_behaviors=["creates function", "adds tests"],
            actual_behaviors=["creates function"],
            raw_review={"reviews": []}
        )
E       TypeError: ScoringEngine.record_score() got an unexpected keyword argument 'expected_behaviors'

tests\test_benchmarks.py:68: TypeError
___________________ TestScoringEngine.test_weighted_scoring ___________________

self = <test_benchmarks.TestScoringEngine object at 0x000002B5BF92BC80>
scoring_engine = <services.scoring_engine.ScoringEngine object at 0x000002B5BF9567B0>

    def test_weighted_scoring(self, scoring_engine):
        """Test that category weights affect overall score"""
        # Record a terminal_usage benchmark (high weight)
>       result_terminal = scoring_engine.record_score(
            run_id="test-run-002",
            benchmark_id="py_004",
            category="terminal_usage",
            difficulty="medium",
            weight=2.0,
            agent_scores={"Junior Dev": 90},
            expected_behaviors=["uses terminal"],
            actual_behaviors=["uses terminal"],
            raw_review={}
        )
E       TypeError: ScoringEngine.record_score() got an unexpected keyword argument 'expected_behaviors'

tests\test_benchmarks.py:89: TypeError
_________________ TestScoringEngine.test_behavior_match_rate __________________

self = <test_benchmarks.TestScoringEngine object at 0x000002B5BF92BF50>
scoring_engine = <services.scoring_engine.ScoringEngine object at 0x000002B5BF955760>

    def test_behavior_match_rate(self, scoring_engine):
        """Test that behavior matching is calculated correctly"""
>       result = scoring_engine.record_score(
            run_id="test-run-003",
            benchmark_id="py_001",
            category="code_gen",
            difficulty="easy",
            weight=1.0,
            agent_scores={"Junior Dev": 85},
            expected_behaviors=["creates function", "adds tests", "handles errors", "docs"],
            actual_behaviors=["creates function", "adds tests"],
            raw_review={}
        )
E       TypeError: ScoringEngine.record_score() got an unexpected keyword argument 'expected_behaviors'

tests\test_benchmarks.py:119: TypeError
_____________________ TestScoringEngine.test_persistence ______________________

self = <test_benchmarks.TestScoringEngine object at 0x000002B5BF954290>
scoring_engine = <services.scoring_engine.ScoringEngine object at 0x000002B5BF8D3DA0>

    def test_persistence(self, scoring_engine):
        """Test that scores are saved and loaded from file"""
>       scoring_engine.record_score(
            run_id="persist-run",
            benchmark_id="py_001",
            category="code_gen",
            difficulty="easy",
            weight=1.0,
            agent_scores={"Junior Dev": 75},
            expected_behaviors=[],
            actual_behaviors=[],
            raw_review={}
        )
E       TypeError: ScoringEngine.record_score() got an unexpected keyword argument 'expected_behaviors'

tests\test_benchmarks.py:136: TypeError
_____________ TestScoringEngine.test_get_trend_insufficient_data ______________

self = <test_benchmarks.TestScoringEngine object at 0x000002B5BF954590>
scoring_engine = <services.scoring_engine.ScoringEngine object at 0x000002B5BF9577A0>

    def test_get_trend_insufficient_data(self, scoring_engine):
        """Test trend with less than 3 runs returns 'insufficient_data'"""
>       scoring_engine.record_score(
            run_id="trend-01",
            benchmark_id="py_001",
            category="code_gen",
            difficulty="easy",
            weight=1.0,
            agent_scores={"Junior Dev": 80},
            expected_behaviors=[],
            actual_behaviors=[],
            raw_review={}
        )
E       TypeError: ScoringEngine.record_score() got an unexpected keyword argument 'expected_behaviors'

tests\test_benchmarks.py:158: TypeError
_________________ TestScoringEngine.test_get_trend_improving __________________

self = <test_benchmarks.TestScoringEngine object at 0x000002B5BF954890>
scoring_engine = <services.scoring_engine.ScoringEngine object at 0x000002B5BF9571A0>

    def test_get_trend_improving(self, scoring_engine):
        """Test that improving scores produce an 'improving' trend"""
        for i, score in enumerate([60, 70, 80, 90]):
>           scoring_engine.record_score(
                run_id=f"trend-{i}",
                benchmark_id="py_001",
                category="code_gen",
                difficulty="easy",
                weight=1.0,
                agent_scores={"Junior Dev": score},
                expected_behaviors=[],
                actual_behaviors=[],
                raw_review={}
            )
E           TypeError: ScoringEngine.record_score() got an unexpected keyword argument 'expected_behaviors'

tests\test_benchmarks.py:176: TypeError
_________________ TestScoringEngine.test_get_trend_degrading __________________

self = <test_benchmarks.TestScoringEngine object at 0x000002B5BF954B90>
scoring_engine = <services.scoring_engine.ScoringEngine object at 0x000002B5BF9545C0>

    def test_get_trend_degrading(self, scoring_engine):
        """Test that declining scores produce a 'degrading' trend"""
        for i, score in enumerate([90, 80, 70, 60]):
>           scoring_engine.record_score(
                run_id=f"trend-{i}",
                benchmark_id="py_001",
                category="code_gen",
                difficulty="easy",
                weight=1.0,
                agent_scores={"Junior Dev": score},
                expected_behaviors=[],
                actual_behaviors=[],
                raw_review={}
            )
E           TypeError: ScoringEngine.record_score() got an unexpected keyword argument 'expected_behaviors'

tests\test_benchmarks.py:195: TypeError
_____________________ TestScoringEngine.test_compare_runs _____________________

self = <test_benchmarks.TestScoringEngine object at 0x000002B5BF92BAD0>
scoring_engine = <services.scoring_engine.ScoringEngine object at 0x000002B5BF957440>

    def test_compare_runs(self, scoring_engine):
        """Test comparison between two runs"""
>       scoring_engine.record_score(
            run_id="run-A",
            benchmark_id="py_001",
            category="code_gen",
            difficulty="easy",
            weight=1.0,
            agent_scores={"Junior Dev": 70},
            expected_behaviors=[],
            actual_behaviors=[],
            raw_review={}
        )
E       TypeError: ScoringEngine.record_score() got an unexpected keyword argument 'expected_behaviors'

tests\test_benchmarks.py:213: TypeError
_______________ TestScoringEngine.test_compare_nonexistent_run ________________

self = <test_benchmarks.TestScoringEngine object at 0x000002B5BF954BC0>
scoring_engine = <services.scoring_engine.ScoringEngine object at 0x000002B5BF9BED80>

    def test_compare_nonexistent_run(self, scoring_engine):
        """Test comparison with a non-existent run returns None"""
>       scoring_engine.record_score(
            run_id="run-exists",
            benchmark_id="py_001",
            category="code_gen",
            difficulty="easy",
            weight=1.0,
            agent_scores={"Junior Dev": 75},
            expected_behaviors=[],
            actual_behaviors=[],
            raw_review={}
        )
E       TypeError: ScoringEngine.record_score() got an unexpected keyword argument 'expected_behaviors'

tests\test_benchmarks.py:244: TypeError
__________________ TestScoringEngine.test_get_agent_summary ___________________

self = <test_benchmarks.TestScoringEngine object at 0x000002B5BF9546B0>
scoring_engine = <services.scoring_engine.ScoringEngine object at 0x000002B5BF9BF1A0>

    def test_get_agent_summary(self, scoring_engine):
        """Test agent summary data"""
        for i in range(5):
>           scoring_engine.record_score(
                run_id=f"summary-{i}",
                benchmark_id="py_001",
                category="code_gen",
                difficulty="easy",
                weight=1.0,
                agent_scores={"Junior Dev": 70 + i * 5, "Senior Dev": 80 + i * 3},
                expected_behaviors=["a"],
                actual_behaviors=["a"] if i > 2 else [],
                raw_review={}
            )
E           TypeError: ScoringEngine.record_score() got an unexpected keyword argument 'expected_behaviors'

tests\test_benchmarks.py:262: TypeError
____________________ TestScoringEngine.test_get_chart_data ____________________

self = <test_benchmarks.TestScoringEngine object at 0x000002B5BF954140>
scoring_engine = <services.scoring_engine.ScoringEngine object at 0x000002B5BF9BD8B0>

    def test_get_chart_data(self, scoring_engine):
        """Test chart data for dashboard visualization"""
        for i in range(3):
>           scoring_engine.record_score(
                run_id=f"chart-{i}",
                benchmark_id=f"py_00{i+1}",
                category="code_gen",
                difficulty="easy",
                weight=1.0,
                agent_scores={"Junior Dev": 75 + i * 5},
                expected_behaviors=[],
                actual_behaviors=[],
                raw_review={}
            )
E           TypeError: ScoringEngine.record_score() got an unexpected keyword argument 'expected_behaviors'

tests\test_benchmarks.py:285: TypeError
____________________ TestBenchmarkService.test_list_suites ____________________

self = <test_benchmarks.TestBenchmarkService object at 0x000002B5BF954EF0>
benchmark_service = <services.benchmark_service.BenchmarkService object at 0x000002B5BF9BC230>

    def test_list_suites(self, benchmark_service):
        """Test listing available benchmark suites"""
        suites = benchmark_service.list_suites()
        assert "suites" in suites
        assert "total_benchmarks" in suites
    
        # Should have Python, JavaScript, Go suites from the JSON files
>       suite_names = [s["name"] for s in suites["suites"]]
                       ^^^^^^^^^
E       TypeError: string indices must be integers, not 'str'

tests\test_benchmarks.py:317: TypeError
---------------------------- Captured stdout setup ----------------------------
\U0001f4cb [BenchmarkService] Loaded 3 go benchmarks\n\U0001f4cb [BenchmarkService] Loaded 3 javascript benchmarks\n\U0001f4cb [BenchmarkService] Loaded 4 python benchmarks
_________________ TestBenchmarkService.test_get_results_empty _________________

self = <test_benchmarks.TestBenchmarkService object at 0x000002B5BF9558E0>
benchmark_service = <services.benchmark_service.BenchmarkService object at 0x000002B5BF9BE4B0>

    def test_get_results_empty(self, benchmark_service):
        """Test results when no benchmarks have been run"""
        results = benchmark_service.get_results()
>       assert "runs" in results
E       AssertionError: assert 'runs' in {'agent_summary': {}, 'chart_data': {'datasets': {}, 'labels': [], 'overall': []}, 'history': [], 'trend': {'avg_score': 0, 'delta': 0, 'direction': 'insufficient_data', 'max_score': 0, ...}}

tests\test_benchmarks.py:337: AssertionError
---------------------------- Captured stdout setup ----------------------------
\U0001f4cb [BenchmarkService] Loaded 3 go benchmarks\n\U0001f4cb [BenchmarkService] Loaded 3 javascript benchmarks\n\U0001f4cb [BenchmarkService] Loaded 4 python benchmarks
___________________ TestBenchmarkAPI.test_results_endpoint ____________________

self = <test_benchmarks.TestBenchmarkAPI object at 0x000002B5BF956780>

    def test_results_endpoint(self):
        """GET /api/benchmarks/results should return results list"""
        response = self.client.get("/api/benchmarks/results")
        assert response.status_code == 200
        data = response.json()
>       assert "runs" in data
E       AssertionError: assert 'runs' in {'agent_summary': {}, 'chart_data': {'datasets': {}, 'labels': [], 'overall': []}, 'history': [], 'trend': {'avg_score': 0, 'delta': 0, 'direction': 'insufficient_data', 'max_score': 0, ...}}

tests\test_benchmarks.py:380: AssertionError
=========================== short test summary info ===========================
FAILED tests/test_benchmarks.py::TestScoringEngine::test_record_score_basic
FAILED tests/test_benchmarks.py::TestScoringEngine::test_weighted_scoring - T...
FAILED tests/test_benchmarks.py::TestScoringEngine::test_behavior_match_rate
FAILED tests/test_benchmarks.py::TestScoringEngine::test_persistence - TypeEr...
FAILED tests/test_benchmarks.py::TestScoringEngine::test_get_trend_insufficient_data
FAILED tests/test_benchmarks.py::TestScoringEngine::test_get_trend_improving
FAILED tests/test_benchmarks.py::TestScoringEngine::test_get_trend_degrading
FAILED tests/test_benchmarks.py::TestScoringEngine::test_compare_runs - TypeE...
FAILED tests/test_benchmarks.py::TestScoringEngine::test_compare_nonexistent_run
FAILED tests/test_benchmarks.py::TestScoringEngine::test_get_agent_summary - ...
FAILED tests/test_benchmarks.py::TestScoringEngine::test_get_chart_data - Typ...
FAILED tests/test_benchmarks.py::TestBenchmarkService::test_list_suites - Typ...
FAILED tests/test_benchmarks.py::TestBenchmarkService::test_get_results_empty
FAILED tests/test_benchmarks.py::TestBenchmarkAPI::test_results_endpoint - As...
======================== 14 failed, 6 passed in 2.25s =========================
